Script started on Sun Apr 27 21:40:56 2014
[?1034hbash-3.2$ ls
Gemfile		Rakefile	bin		config.ru	private		readme.md	spec
Gemfile.lock	app		config		db		public		script		typescript
bash-3.2$ ruby -v
ruby 2.0.0p451 (2014-02-24 revision 45167) [x86_64-darwin12.5.0]
bash-3.2$ bundle inst[K[K[K[K[K[K[K[K[K[K[Kpwd
/Users/donwshin/Projects/hkn-rails-v2
bash-3.2$ bundle instal
Fetching source index from https://rubygems.org/
^Cbash-3.2$ bundle install
Fetching source index from https://rubygems.org/
Using rake (10.1.1)
Using i18n (0.6.9)
Using minitest (4.7.5)
Using multi_json (1.8.2)

[33mGem::Ext::BuildError: ERROR: Failed to build gem native extension.

    /Users/donwshin/.rvm/rubies/ruby-2.0.0-p451/bin/ruby extconf.rb 
*** extconf.rb failed ***
Could not create Makefile due to some reason, probably lack of necessary
libraries and/or headers.  Check the mkmf.log file for more details.  You may
need configuration options.

Provided configuration options:
	--with-opt-dir
	--without-opt-dir
	--with-opt-include
	--without-opt-include=${opt-dir}/include
	--with-opt-lib
	--without-opt-lib=${opt-dir}/lib
	--with-make-prog
	--without-make-prog
	--srcdir=.
	--curdir
	--ruby=/Users/donwshin/.rvm/rubies/ruby-2.0.0-p451/bin/ruby
	--with-atomic_reference-dir
	--without-atomic_reference-dir
	--with-atomic_reference-include
	--without-atomic_reference-include=${atomic_reference-dir}/include
	--with-atomic_reference-lib
	--without-atomic_reference-lib=${atomic_reference-dir}/
/Users/donwshin/.rvm/rubies/ruby-2.0.0-p451/lib/ruby/2.0.0/mkmf.rb:434:in `try_do': The compiler failed to generate an executable file. (RuntimeError)
You have to install development tools first.
	from /Users/donwshin/.rvm/rubies/ruby-2.0.0-p451/lib/ruby/2.0.0/mkmf.rb:519:in `try_link0'
	from /Users/donwshin/.rvm/rubies/ruby-2.0.0-p451/lib/ruby/2.0.0/mkmf.rb:817:in `try_run'
	from extconf.rb:26:in `<main>'

extconf failed, exit code 1

Gem files will remain installed in /Users/donwshin/.rvm/gems/ruby-2.0.0-p451/gems/atomic-1.1.14 for inspection.
Results logged to /Users/donwshin/.rvm/gems/ruby-2.0.0-p451/extensions/x86_64-darwin-12/2.0.0-static/atomic-1.1.14/gem_make.out
[0m[31mAn error occurred while installing atomic (1.1.14), and Bundler cannot continue.
Make sure that `gem install atomic -v '1.1.14'` succeeds before bundling.[0m
bash-3.2$ geim [K[K[Km install atomic -v '1.1.14'
Building native extensions.  This could take a while...
ERROR:  Error installing atomic:
	ERROR: Failed to build gem native extension.

    /Users/donwshin/.rvm/rubies/ruby-2.0.0-p451/bin/ruby extconf.rb
*** extconf.rb failed ***
Could not create Makefile due to some reason, probably lack of necessary
libraries and/or headers.  Check the mkmf.log file for more details.  You may
need configuration options.

Provided configuration options:
	--with-opt-dir
	--without-opt-dir
	--with-opt-include
	--without-opt-include=${opt-dir}/include
	--with-opt-lib
	--without-opt-lib=${opt-dir}/lib
	--with-make-prog
	--without-make-prog
	--srcdir=.
	--curdir
	--ruby=/Users/donwshin/.rvm/rubies/ruby-2.0.0-p451/bin/ruby
	--with-atomic_reference-dir
	--without-atomic_reference-dir
	--with-atomic_reference-include
	--without-atomic_reference-include=${atomic_reference-dir}/include
	--with-atomic_reference-lib
	--without-atomic_reference-lib=${atomic_reference-dir}/
/Users/donwshin/.rvm/rubies/ruby-2.0.0-p451/lib/ruby/2.0.0/mkmf.rb:434:in `try_do': The compiler failed to generate an executable file. (RuntimeError)
You have to install development tools first.
	from /Users/donwshin/.rvm/rubies/ruby-2.0.0-p451/lib/ruby/2.0.0/mkmf.rb:519:in `try_link0'
	from /Users/donwshin/.rvm/rubies/ruby-2.0.0-p451/lib/ruby/2.0.0/mkmf.rb:817:in `try_run'
	from extconf.rb:26:in `<main>'

extconf failed, exit code 1

Gem files will remain installed in /Users/donwshin/.rvm/gems/ruby-2.0.0-p451/gems/atomic-1.1.14 for inspection.
Results logged to /Users/donwshin/.rvm/gems/ruby-2.0.0-p451/extensions/x86_64-darwin-12/2.0.0-static/atomic-1.1.14/gem_make.out
bash-3.2$ gem inst[Ktall rails
Successfully installed rails-4.1.0
Parsing documentation for rails-4.1.0
unable to convert "\xFF" from ASCII-8BIT to UTF-8 for guides/assets/images/akshaysurve.jpg, skipping
unable to convert "\x89" from ASCII-8BIT to UTF-8 for guides/assets/images/belongs_to.png, skipping
unable to convert "\xF4" from ASCII-8BIT to UTF-8 for guides/assets/images/book_icon.gif, skipping
unable to convert "\x91" from ASCII-8BIT to UTF-8 for guides/assets/images/bullet.gif, skipping
unable to convert "\xF5" from ASCII-8BIT to UTF-8 for guides/assets/images/chapters_icon.gif, skipping
unable to convert "\xF5" from ASCII-8BIT to UTF-8 for guides/assets/images/check_bullet.gif, skipping
unable to convert "\xF4" from ASCII-8BIT to UTF-8 for guides/assets/images/credits_pic_blank.gif, skipping
unable to convert "\x89" from ASCII-8BIT to UTF-8 for guides/assets/images/csrf.png, skipping
unable to convert "\x89" from ASCII-8BIT to UTF-8 for guides/assets/images/edge_badge.png, skipping
unable to convert "\x9E" from ASCII-8BIT to UTF-8 for guides/assets/images/favicon.ico, skipping
unable to convert "\xF0" from ASCII-8BIT to UTF-8 for guides/assets/images/feature_tile.gif, skipping
unable to convert "\xF0" from ASCII-8BIT to UTF-8 for guides/assets/images/footer_tile.gif, skipping
unable to convert "\x89" from ASCII-8BIT to UTF-8 for guides/assets/images/fxn.png, skipping
unable to convert "\x89" from ASCII-8BIT to UTF-8 for guides/assets/images/getting_started/article_with_comments.png, skipping
unable to convert "\x89" from ASCII-8BIT to UTF-8 for guides/assets/images/getting_started/challenge.png, skipping
unable to convert "\x89" from ASCII-8BIT to UTF-8 for guides/assets/images/getting_started/confirm_dialog.png, skipping
unable to convert "\x89" from ASCII-8BIT to UTF-8 for guides/assets/images/getting_started/forbidden_attributes_for_new_article.png, skipping
unable to convert "\x89" from ASCII-8BIT to UTF-8 for guides/assets/images/getting_started/form_with_errors.png, skipping
unable to convert "\x89" from ASCII-8BIT to UTF-8 for guides/assets/images/getting_started/index_action_with_edit_link.png, skipping
unable to convert "\x89" from ASCII-8BIT to UTF-8 for guides/assets/images/getting_started/new_article.png, skipping
unable to convert "\x89" from ASCII-8BIT to UTF-8 for guides/assets/images/getting_started/rails_welcome.png, skipping
unable to convert "\x89" from ASCII-8BIT to UTF-8 for guides/assets/images/getting_started/routing_error_no_controller.png, skipping
unable to convert "\x89" from ASCII-8BIT to UTF-8 for guides/assets/images/getting_started/routing_error_no_route_matches.png, skipping
unable to convert "\x89" from ASCII-8BIT to UTF-8 for guides/assets/images/getting_started/show_action_for_articles.png, skipping
unable to convert "\x89" from ASCII-8BIT to UTF-8 for guides/assets/images/getting_started/template_is_missing_articles_new.png, skipping
unable to convert "\x89" from ASCII-8BIT to UTF-8 for guides/assets/images/getting_started/unknown_action_create_for_articles.png, skipping
unable to convert "\x89" from ASCII-8BIT to UTF-8 for guides/assets/images/getting_started/unknown_action_new_for_articles.png, skipping
unable to convert "\xF0" from ASCII-8BIT to UTF-8 for guides/assets/images/grey_bullet.gif, skipping
unable to convert "\x89" from ASCII-8BIT to UTF-8 for guides/assets/images/habtm.png, skipping
unable to convert "\x89" from ASCII-8BIT to UTF-8 for guides/assets/images/has_many.png, skipping
unable to convert "\x89" from ASCII-8BIT to UTF-8 for guides/assets/images/has_many_through.png, skipping
unable to convert "\x89" from ASCII-8BIT to UTF-8 for guides/assets/images/has_one.png, skipping
unable to convert "\x89" from ASCII-8BIT to UTF-8 for guides/assets/images/has_one_through.png, skipping
unable to convert "\x89" from ASCII-8BIT to UTF-8 for guides/assets/images/header_backdrop.png, skipping
unable to convert "\xF0" from ASCII-8BIT to UTF-8 for guides/assets/images/header_tile.gif, skipping
unable to convert "\x89" from ASCII-8BIT to UTF-8 for guides/assets/images/i18n/demo_html_safe.png, skipping
unable to convert "\x89" from ASCII-8BIT to UTF-8 for guides/assets/images/i18n/demo_localized_pirate.png, skipping
unable to convert "\x89" from ASCII-8BIT to UTF-8 for guides/assets/images/i18n/demo_translated_en.png, skipping
unable to convert "\x89" from ASCII-8BIT to UTF-8 for guides/assets/images/i18n/demo_translated_pirate.png, skipping
unable to convert "\x89" from ASCII-8BIT to UTF-8 for guides/assets/images/i18n/demo_translation_missing.png, skipping
unable to convert "\x89" from ASCII-8BIT to UTF-8 for guides/assets/images/i18n/demo_untranslated.png, skipping
unable to convert "\x89" from ASCII-8BIT to UTF-8 for guides/assets/images/icons/callouts/1.png, skipping
unable to convert "\x89" from ASCII-8BIT to UTF-8 for guides/assets/images/icons/callouts/10.png, skipping
unable to convert "\x89" from ASCII-8BIT to UTF-8 for guides/assets/images/icons/callouts/11.png, skipping
unable to convert "\x89" from ASCII-8BIT to UTF-8 for guides/assets/images/icons/callouts/12.png, skipping
unable to convert "\x89" from ASCII-8BIT to UTF-8 for guides/assets/images/icons/callouts/13.png, skipping
unable to convert "\x89" from ASCII-8BIT to UTF-8 for guides/assets/images/icons/callouts/14.png, skipping
unable to convert "\x89" from ASCII-8BIT to UTF-8 for guides/assets/images/icons/callouts/15.png, skipping
unable to convert "\x89" from ASCII-8BIT to UTF-8 for guides/assets/images/icons/callouts/2.png, skipping
unable to convert "\x89" from ASCII-8BIT to UTF-8 for guides/assets/images/icons/callouts/3.png, skipping
unable to convert "\x89" from ASCII-8BIT to UTF-8 for guides/assets/images/icons/callouts/4.png, skipping
unable to convert "\x89" from ASCII-8BIT to UTF-8 for guides/assets/images/icons/callouts/5.png, skipping
unable to convert "\x89" from ASCII-8BIT to UTF-8 for guides/assets/images/icons/callouts/6.png, skipping
unable to convert "\x89" from ASCII-8BIT to UTF-8 for guides/assets/images/icons/callouts/7.png, skipping
unable to convert "\x89" from ASCII-8BIT to UTF-8 for guides/assets/images/icons/callouts/8.png, skipping
unable to convert "\x89" from ASCII-8BIT to UTF-8 for guides/assets/images/icons/callouts/9.png, skipping
unable to convert "\x89" from ASCII-8BIT to UTF-8 for guides/assets/images/icons/caution.png, skipping
unable to convert "\x89" from ASCII-8BIT to UTF-8 for guides/assets/images/icons/example.png, skipping
unable to convert "\x89" from ASCII-8BIT to UTF-8 for guides/assets/images/icons/home.png, skipping
unable to convert "\x89" from ASCII-8BIT to UTF-8 for guides/assets/images/icons/important.png, skipping
unable to convert "\x89" from ASCII-8BIT to UTF-8 for guides/assets/images/icons/next.png, skipping
unable to convert "\x89" from ASCII-8BIT to UTF-8 for guides/assets/images/icons/note.png, skipping
unable to convert "\x89" from ASCII-8BIT to UTF-8 for guides/assets/images/icons/prev.png, skipping
unable to convert "\x89" from ASCII-8BIT to UTF-8 for guides/assets/images/icons/tip.png, skipping
unable to convert "\x89" from ASCII-8BIT to UTF-8 for guides/assets/images/icons/up.png, skipping
unable to convert "\x89" from ASCII-8BIT to UTF-8 for guides/assets/images/icons/warning.png, skipping
unable to convert "\xF5" from ASCII-8BIT to UTF-8 for guides/assets/images/nav_arrow.gif, skipping
unable to convert "\xFF" from ASCII-8BIT to UTF-8 for guides/assets/images/oscardelben.jpg, skipping
unable to convert "\x89" from ASCII-8BIT to UTF-8 for guides/assets/images/polymorphic.png, skipping
unable to convert "\x89" from ASCII-8BIT to UTF-8 for guides/assets/images/radar.png, skipping
unable to convert "\x89" from ASCII-8BIT to UTF-8 for guides/assets/images/rails4_features.png, skipping
unable to convert "\xFF" from ASCII-8BIT to UTF-8 for guides/assets/images/rails_guides_kindle_cover.jpg, skipping
unable to convert "\xEC" from ASCII-8BIT to UTF-8 for guides/assets/images/rails_guides_logo.gif, skipping
unable to convert "\x8C" from ASCII-8BIT to UTF-8 for guides/assets/images/rails_logo_remix.gif, skipping
unable to convert "\x89" from ASCII-8BIT to UTF-8 for guides/assets/images/session_fixation.png, skipping
unable to convert "\x80" from ASCII-8BIT to UTF-8 for guides/assets/images/tab_grey.gif, skipping
unable to convert "\x80" from ASCII-8BIT to UTF-8 for guides/assets/images/tab_info.gif, skipping
unable to convert "\x80" from ASCII-8BIT to UTF-8 for guides/assets/images/tab_note.gif, skipping
unable to convert "\x80" from ASCII-8BIT to UTF-8 for guides/assets/images/tab_red.gif, skipping
unable to convert "\x80" from ASCII-8BIT to UTF-8 for guides/assets/images/tab_yellow.gif, skipping
unable to convert "\x89" from ASCII-8BIT to UTF-8 for guides/assets/images/tab_yellow.png, skipping
unable to convert "\xFF" from ASCII-8BIT to UTF-8 for guides/assets/images/vijaydev.jpg, skipping
1 gem installed
bash-3.2$ rails -v
[31mCould not find atomic-1.1.14 in any of the sources[0m
[33mRun `bundle install` to install missing gems.[0m
bash-3.2$ exit
exit

Script done on Sun Apr 27 21:43:58 2014
